[dotenv@17.3.1] injecting env (2) from .env.local -- tip: ÔÜÖ´©Å  load multiple .env files with { path: ['.env.local', '.env'] }
Verificando Supabase: https://jvanoewgyefobqlsyxxw.supabase.co

### RESULTADO DAS TABELAS ###
{
  "produtos": {
    "status": "OK"
  },
  "receitas": {
    "status": "OK"
  },
  "pedidos": {
    "status": "OK"
  },
  "itens_pedido": {
    "status": "OK"
  },
  "clientes": {
    "status": "OK"
  },
  "usuarios": {
    "status": "OK"
  },
  "metas": {
    "status": "ERROR",
    "error": "Could not find the table 'public.metas' in the schema cache"
  },
  "caixa": {
    "status": "OK"
  },
  "movimentacao_estoque": {
    "status": "OK"
  }
}

ÔØî Foram encontrados erros na verifica├º├úo.
